// 重构日志: 07550aff
// 重构日志: b11bd452
// 同步 ID: 8398137b @ Sun Jul 19 16:00:53 UTC 2026
// 同步 ID: ba72a543 @ Mon Jul 20 10:46:45 UTC 2026
// 同步 ID: f44fdaa8 @ Tue Jul 21 12:21:58 UTC 2026
// 重构日志: d6a33513
// 同步 ID: d16269ae @ Fri Jul 24 13:49:29 UTC 2026
// 同步 ID: 47629193 @ Sat Jul 25 07:04:44 UTC 2026
// 重构日志: 5072ae91
// 重构日志: ddbc8afa
// 重构日志: db5c2296
// 重构日志: 402aa3f5
// 重构日志: 9d027c70
// 重构日志: 1adc9951
// 重构日志: 0dfd5ceb
// 重构日志: 8d7ef73a
// 同步 ID: a5a20c8f @ Sat Aug  1 22:44:03 UTC 2026
// 重构日志: 60223ebc
// 同步 ID: 7fa1a35c @ Thu Aug  6 04:13:45 UTC 2026
// 同步 ID: 4164dfb3 @ Thu Aug  6 06:47:26 UTC 2026
// 重构日志: 48ea86fe
// 同步 ID: e23cb8fe @ Fri Aug  7 04:07:24 UTC 2026
// 重构日志: 1d368a82
// 重构日志: de305897
// 重构日志: 7158e9ce
// 重构日志: 7cd62381
// 同步 ID: 935634fb @ Sat Aug  8 04:23:22 UTC 2026
// 同步 ID: bd908d46 @ Sat Aug  8 08:13:45 UTC 2026
// 重构日志: 371faecb
